Product: MDK-ARM Lite 5.10
Component: ARM Compiler 5.04 update 1 (build 49)
Tool: armlink [5040049]

==============================================================================

Section Cross References

    arm_startup_nrf51.o(STACK) refers (Special) to heapauxi.o(.text) for __use_two_region_memory
    arm_startup_nrf51.o(HEAP) refers (Special) to heapauxi.o(.text) for __use_two_region_memory
    arm_startup_nrf51.o(RESET) refers (Special) to heapauxi.o(.text) for __use_two_region_memory
    arm_startup_nrf51.o(RESET) refers to arm_startup_nrf51.o(STACK) for __initial_sp
    arm_startup_nrf51.o(RESET) refers to arm_startup_nrf51.o(.text) for Reset_Handler
    arm_startup_nrf51.o(RESET) refers to app_gpiote.o(.text) for GPIOTE_IRQHandler
    arm_startup_nrf51.o(RESET) refers to app_timer.o(.text) for RTC1_IRQHandler
    arm_startup_nrf51.o(RESET) refers to softdevice_handler.o(.text) for SWI2_IRQHandler
    arm_startup_nrf51.o(.text) refers (Special) to heapauxi.o(.text) for __use_two_region_memory
    arm_startup_nrf51.o(.text) refers to system_nrf51.o(.text) for SystemInit
    arm_startup_nrf51.o(.text) refers to __main.o(!!!main) for __main
    arm_startup_nrf51.o(.text) refers to arm_startup_nrf51.o(HEAP) for Heap_Mem
    arm_startup_nrf51.o(.text) refers to arm_startup_nrf51.o(STACK) for Stack_Mem
    system_nrf51.o(.text) refers to system_nrf51.o(.data) for SystemCoreClock
    main.o(.text) refers to nrf_delay.o(.text) for nrf_delay_ms
    main.o(.text) refers to app_timer.o(.text) for app_timer_init
    main.o(.text) refers to rt_memclr.o(.text) for __aeabi_memclr4
    main.o(.text) refers to ble_advdata.o(.text) for ble_advdata_set
    main.o(.text) refers to ble_quote_srv.o(.text) for ble_quote_init
    main.o(.text) refers to ble_conn_params.o(.text) for ble_conn_params_init
    main.o(.text) refers to main.o(.data) for i
    main.o(.text) refers to main.o(.bss) for file_name
    main.o(.text) refers to main.o(.constdata) for .constdata
    main.o(.text) refers to rt_memcpy.o(.text) for __aeabi_memcpy
    main.o(.text) refers to pstorage.o(.text) for pstorage_sys_event_handler
    main.o(.text) refers to softdevice_handler.o(.text) for softdevice_handler_init
    main.o(.text) refers to app_scheduler.o(.text) for app_sched_init
    main.o(.text) refers to app_gpiote.o(.text) for app_gpiote_init
    main.o(.text) refers to app_button.o(.text) for app_button_init
    main.o(.text) refers to ble_quote.o(.text) for quote_server_init
    ble_srv_common.o(.text) refers to main.o(.text) for app_error_handler
    ble_srv_common.o(.text) refers to strlen.o(.text) for strlen
    ble_quote_srv.o(.text) refers to rt_memclr.o(.text) for __aeabi_memclr4
    ble_quote_srv.o(.text) refers to ble_quote_srv.o(.constdata) for .constdata
    ble_error_log.o(.text) refers to rt_memcpy.o(.emb_text) for __aeabi_memcpy4
    ble_error_log.o(.text) refers to strncpy.o(.text) for strncpy
    ble_error_log.o(.text) refers to arm_startup_nrf51.o(RESET) for __Vectors
    ble_error_log.o(.text) refers to ble_error_log.o(.bss) for m_ble_error_log
    pstorage.o(.text) refers to pstorage.o(i.__ARM_common_switch8) for __ARM_common_switch8
    pstorage.o(.text) refers to aeabi_sdiv.o(.text) for __aeabi_uidivmod
    pstorage.o(.text) refers to pstorage.o(.bss) for m_cmd_queue
    pstorage.o(.text) refers to pstorage.o(.data) for m_round_val
    pstorage.o(.text) refers to rt_memcpy.o(.text) for __aeabi_memcpy
    ble_advdata.o(.text) refers to rt_memcpy.o(.text) for __aeabi_memcpy
    app_scheduler.o(.text) refers to main.o(.text) for app_error_handler
    app_scheduler.o(.text) refers to rt_memcpy.o(.text) for __aeabi_memcpy
    app_scheduler.o(.text) refers to app_scheduler.o(.data) for m_queue_event_headers
    app_timer.o(.text) refers to app_timer.o(.emb_text) for __asm___11_app_timer_c_cd27f9c3__nrf_delay_us
    app_timer.o(.text) refers to main.o(.text) for app_error_handler
    app_timer.o(.text) refers to app_timer.o(.data) for mp_nodes
    ble_conn_params.o(.text) refers to rt_memcpy.o(.emb_text) for __aeabi_memcpy4
    ble_conn_params.o(.text) refers to rt_memcpy.o(.text) for __aeabi_memcpy
    ble_conn_params.o(.text) refers to app_timer.o(.text) for app_timer_create
    ble_conn_params.o(.text) refers to ble_conn_params.o(.data) for m_preferred_conn_params
    ble_conn_params.o(.text) refers to ble_conn_params.o(.bss) for m_conn_params_config
    softdevice_handler.o(.text) refers to main.o(.text) for assert_nrf_callback
    softdevice_handler.o(.text) refers to softdevice_handler.o(.data) for m_softdevice_enabled
    app_button.o(.text) refers to main.o(.text) for app_error_handler
    app_button.o(.text) refers to app_gpiote.o(.text) for app_gpiote_pins_state_get
    app_button.o(.text) refers to app_timer.o(.text) for app_timer_stop
    app_button.o(.text) refers to app_button.o(.data) for m_evt_schedule_func
    app_gpiote.o(.text) refers to rt_memclr.o(.text) for __aeabi_memclr4
    app_gpiote.o(.text) refers to app_gpiote.o(.data) for mp_users
    ble_debug_assert_handler.o(.text) refers to strncpy.o(.text) for strncpy
    ble_debug_assert_handler.o(.text) refers to ble_debug_assert_handler.o(.bss) for s_file_name
    ble_debug_assert_handler.o(.text) refers to ble_debug_assert_handler.o(.data) for s_line_num
    nrf_delay.o(.text) refers to nrf_delay.o(.emb_text) for __asm___11_nrf_delay_c_532987f3__nrf_delay_us
    rt_memcpy.o(.text) refers to rt_memcpy.o(.emb_text) for __aeabi_memcpy4
    strncpy.o(.text) refers to rt_memclr.o(.text) for __rt_memclr
    __main.o(!!!main) refers to rtentry.o(.ARM.Collect$$rtentry$$00000000) for __rt_entry
    rtentry.o(.ARM.Collect$$rtentry$$00000000) refers (Special) to rtentry2.o(.ARM.Collect$$rtentry$$0000000A) for __rt_entry_li
    rtentry.o(.ARM.Collect$$rtentry$$00000000) refers (Special) to rtentry2.o(.ARM.Collect$$rtentry$$0000000D) for __rt_entry_main
    rtentry.o(.ARM.Collect$$rtentry$$00000000) refers (Special) to rtentry2.o(.ARM.Collect$$rtentry$$0000000C) for __rt_entry_postli_1
    rtentry.o(.ARM.Collect$$rtentry$$00000000) refers (Special) to rtentry2.o(.ARM.Collect$$rtentry$$00000009) for __rt_entry_postsh_1
    rtentry.o(.ARM.Collect$$rtentry$$00000000) refers (Special) to rtentry2.o(.ARM.Collect$$rtentry$$00000002) for __rt_entry_presh_1
    rtentry.o(.ARM.Collect$$rtentry$$00000000) refers (Special) to rtentry4.o(.ARM.Collect$$rtentry$$00000004) for __rt_entry_sh
    aeabi_idiv0_sigfpe.o(.text) refers to rt_div0.o(.text) for __rt_div0
    rtentry2.o(.ARM.Collect$$rtentry$$00000008) refers to boardinit2.o(.text) for _platform_post_stackheap_init
    rtentry2.o(.ARM.Collect$$rtentry$$0000000A) refers to libinit.o(.ARM.Collect$$libinit$$00000000) for __rt_lib_init
    rtentry2.o(.ARM.Collect$$rtentry$$0000000B) refers to boardinit3.o(.text) for _platform_post_lib_init
    rtentry2.o(.ARM.Collect$$rtentry$$0000000D) refers to main.o(.text) for main
    rtentry2.o(.ARM.Collect$$rtentry$$0000000D) refers to exit.o(.text) for exit
    rtentry2.o(.ARM.exidx) refers to rtentry2.o(.ARM.Collect$$rtentry$$00000001) for .ARM.Collect$$rtentry$$00000001
    rtentry2.o(.ARM.exidx) refers to rtentry2.o(.ARM.Collect$$rtentry$$00000008) for .ARM.Collect$$rtentry$$00000008
    rtentry2.o(.ARM.exidx) refers to rtentry2.o(.ARM.Collect$$rtentry$$0000000A) for .ARM.Collect$$rtentry$$0000000A
    rtentry2.o(.ARM.exidx) refers to rtentry2.o(.ARM.Collect$$rtentry$$0000000B) for .ARM.Collect$$rtentry$$0000000B
    rtentry2.o(.ARM.exidx) refers to rtentry2.o(.ARM.Collect$$rtentry$$0000000D) for .ARM.Collect$$rtentry$$0000000D
    rtentry4.o(.ARM.Collect$$rtentry$$00000004) refers to sys_stackheap_outer.o(.text) for __user_setup_stackheap
    rtentry4.o(.ARM.exidx) refers to rtentry4.o(.ARM.Collect$$rtentry$$00000004) for .ARM.Collect$$rtentry$$00000004
    rt_div0.o(.text) refers to defsig_fpe_outer.o(.text) for __rt_SIGFPE
    sys_stackheap_outer.o(.text) refers to libspace.o(.text) for __user_perproc_libspace
    sys_stackheap_outer.o(.text) refers to arm_startup_nrf51.o(.text) for __user_initial_stackheap
    sys_stackheap_outer.o(__vectab_stack_and_reset_area) refers to tempstk.o(.text) for __temporary_stack_top
    sys_stackheap_outer.o(__vectab_stack_and_reset_area) refers to __main.o(!!!main) for __main
    exit.o(.text) refers to rtexit.o(.ARM.Collect$$rtexit$$00000000) for __rt_exit
    defsig_fpe_outer.o(.text) refers to defsig_fpe_inner.o(.text) for __rt_SIGFPE_inner
    defsig_fpe_outer.o(.text) refers to defsig_exit.o(.text) for __sig_exit
    defsig_fpe_formal.o(.text) refers to rt_raise.o(.text) for __rt_raise
    libinit.o(.ARM.Collect$$libinit$$00000000) refers (Special) to libinit2.o(.ARM.Collect$$libinit$$0000002C) for __rt_lib_init_alloca_1
    libinit.o(.ARM.Collect$$libinit$$00000000) refers (Special) to libinit2.o(.ARM.Collect$$libinit$$0000002A) for __rt_lib_init_argv_1
    libinit.o(.ARM.Collect$$libinit$$00000000) refers (Special) to libinit2.o(.ARM.Collect$$libinit$$00000019) for __rt_lib_init_atexit_1
    libinit.o(.ARM.Collect$$libinit$$00000000) refers (Special) to libinit2.o(.ARM.Collect$$libinit$$0000001F) for __rt_lib_init_clock_1
    libinit.o(.ARM.Collect$$libinit$$00000000) refers (Special) to libinit2.o(.ARM.Collect$$libinit$$00000030) for __rt_lib_init_cpp_1
    libinit.o(.ARM.Collect$$libinit$$00000000) refers (Special) to libinit2.o(.ARM.Collect$$libinit$$0000002E) for __rt_lib_init_exceptions_1
    libinit.o(.ARM.Collect$$libinit$$00000000) refers (Special) to libinit2.o(.ARM.Collect$$libinit$$00000001) for __rt_lib_init_fp_1
    libinit.o(.ARM.Collect$$libinit$$00000000) refers (Special) to libinit2.o(.ARM.Collect$$libinit$$0000001D) for __rt_lib_init_fp_trap_1
    libinit.o(.ARM.Collect$$libinit$$00000000) refers (Special) to libinit2.o(.ARM.Collect$$libinit$$00000021) for __rt_lib_init_getenv_1
    libinit.o(.ARM.Collect$$libinit$$00000000) refers (Special) to libinit2.o(.ARM.Collect$$libinit$$00000008) for __rt_lib_init_heap_1
    libinit.o(.ARM.Collect$$libinit$$00000000) refers (Special) to libinit2.o(.ARM.Collect$$libinit$$0000000F) for __rt_lib_init_lc_collate_1
    libinit.o(.ARM.Collect$$libinit$$00000000) refers (Special) to libinit2.o(.ARM.Collect$$libinit$$00000011) for __rt_lib_init_lc_ctype_1
    libinit.o(.ARM.Collect$$libinit$$00000000) refers (Special) to libinit2.o(.ARM.Collect$$libinit$$00000013) for __rt_lib_init_lc_monetary_1
    libinit.o(.ARM.Collect$$libinit$$00000000) refers (Special) to libinit2.o(.ARM.Collect$$libinit$$00000015) for __rt_lib_init_lc_numeric_1
    libinit.o(.ARM.Collect$$libinit$$00000000) refers (Special) to libinit2.o(.ARM.Collect$$libinit$$00000017) for __rt_lib_init_lc_time_1
    libinit.o(.ARM.Collect$$libinit$$00000000) refers (Special) to libinit2.o(.ARM.Collect$$libinit$$0000000C) for __rt_lib_init_rand_1
    libinit.o(.ARM.Collect$$libinit$$00000000) refers (Special) to libinit2.o(.ARM.Collect$$libinit$$00000031) for __rt_lib_init_return
    libinit.o(.ARM.Collect$$libinit$$00000000) refers (Special) to libinit2.o(.ARM.Collect$$libinit$$0000001B) for __rt_lib_init_signal_1
    libinit.o(.ARM.Collect$$libinit$$00000000) refers (Special) to libinit2.o(.ARM.Collect$$libinit$$00000023) for __rt_lib_init_stdio_1
    libinit.o(.ARM.Collect$$libinit$$00000000) refers (Special) to libinit2.o(.ARM.Collect$$libinit$$0000000A) for __rt_lib_init_user_alloc_1
    libspace.o(.text) refers to libspace.o(.bss) for __libspace_start
    rtexit.o(.ARM.Collect$$rtexit$$00000000) refers (Special) to rtexit2.o(.ARM.Collect$$rtexit$$00000004) for __rt_exit_exit
    rtexit.o(.ARM.Collect$$rtexit$$00000000) refers (Special) to rtexit2.o(.ARM.Collect$$rtexit$$00000003) for __rt_exit_ls
    rtexit.o(.ARM.Collect$$rtexit$$00000000) refers (Special) to rtexit2.o(.ARM.Collect$$rtexit$$00000002) for __rt_exit_prels_1
    rtexit.o(.ARM.exidx) refers (Special) to rtexit2.o(.ARM.Collect$$rtexit$$00000004) for __rt_exit_exit
    rtexit.o(.ARM.exidx) refers (Special) to rtexit2.o(.ARM.Collect$$rtexit$$00000003) for __rt_exit_ls
    rtexit.o(.ARM.exidx) refers (Special) to rtexit2.o(.ARM.Collect$$rtexit$$00000002) for __rt_exit_prels_1
    rtexit.o(.ARM.exidx) refers to rtexit.o(.ARM.Collect$$rtexit$$00000000) for .ARM.Collect$$rtexit$$00000000
    rt_raise.o(.text) refers to __raise.o(.text) for __raise
    rt_raise.o(.text) refers to sys_exit.o(.text) for _sys_exit
    defsig_exit.o(.text) refers to sys_exit.o(.text) for _sys_exit
    defsig_fpe_inner.o(.text) refers to defsig_general.o(.text) for __default_signal_display
    libinit2.o(.ARM.Collect$$libinit$$0000000E) refers to libinit2.o(.ARM.Collect$$libinit$$0000000D) for .ARM.Collect$$libinit$$0000000D
    libinit2.o(.ARM.Collect$$libinit$$00000010) refers to libinit2.o(.ARM.Collect$$libinit$$0000000D) for .ARM.Collect$$libinit$$0000000D
    libinit2.o(.ARM.Collect$$libinit$$00000012) refers to libinit2.o(.ARM.Collect$$libinit$$0000000D) for .ARM.Collect$$libinit$$0000000D
    libinit2.o(.ARM.Collect$$libinit$$00000014) refers to libinit2.o(.ARM.Collect$$libinit$$0000000D) for .ARM.Collect$$libinit$$0000000D
    libinit2.o(.ARM.Collect$$libinit$$00000016) refers to libinit2.o(.ARM.Collect$$libinit$$0000000D) for .ARM.Collect$$libinit$$0000000D
    libinit2.o(.ARM.Collect$$libinit$$00000024) refers to argv_veneer.o(.text) for __ARM_argv_veneer
    libinit2.o(.ARM.Collect$$libinit$$00000025) refers to argv_veneer.o(.text) for __ARM_argv_veneer
    sys_exit.o(.text) refers (Special) to use_no_semi.o(.text) for __I$use$semihosting
    sys_exit.o(.text) refers (Special) to indicate_semi.o(.text) for __semihosting_library_function
    rtexit2.o(.ARM.Collect$$rtexit$$00000003) refers to libshutdown.o(.ARM.Collect$$libshutdown$$00000000) for __rt_lib_shutdown
    rtexit2.o(.ARM.Collect$$rtexit$$00000004) refers to sys_exit.o(.text) for _sys_exit
    rtexit2.o(.ARM.exidx) refers to rtexit2.o(.ARM.Collect$$rtexit$$00000001) for .ARM.Collect$$rtexit$$00000001
    rtexit2.o(.ARM.exidx) refers to rtexit2.o(.ARM.Collect$$rtexit$$00000003) for .ARM.Collect$$rtexit$$00000003
    rtexit2.o(.ARM.exidx) refers to rtexit2.o(.ARM.Collect$$rtexit$$00000004) for .ARM.Collect$$rtexit$$00000004
    __raise.o(.text) refers to defsig.o(CL$$defsig) for __default_signal_handler
    defsig_general.o(.text) refers to sys_wrch.o(.text) for _ttywrch
    sys_wrch.o(.text) refers (Special) to use_no_semi.o(.text) for __I$use$semihosting
    sys_wrch.o(.text) refers (Special) to indicate_semi.o(.text) for __semihosting_library_function
    defsig.o(CL$$defsig) refers to defsig_fpe_inner.o(.text) for __rt_SIGFPE_inner
    defsig.o(CL$$defsig) refers to defsig_rtmem_inner.o(.text) for __rt_SIGRTMEM_inner
    _get_argv_nomalloc.o(.text) refers (Special) to hrguard.o(.text) for __heap_region$guard
    _get_argv_nomalloc.o(.text) refers to defsig_rtmem_outer.o(.text) for __rt_SIGRTMEM
    _get_argv_nomalloc.o(.text) refers to sys_command.o(.text) for _sys_command_string
    libshutdown.o(.ARM.Collect$$libshutdown$$00000000) refers (Special) to libshutdown2.o(.ARM.Collect$$libshutdown$$00000006) for __rt_lib_shutdown_fp_trap_1
    libshutdown.o(.ARM.Collect$$libshutdown$$00000000) refers (Special) to libshutdown2.o(.ARM.Collect$$libshutdown$$0000000E) for __rt_lib_shutdown_heap_1
    libshutdown.o(.ARM.Collect$$libshutdown$$00000000) refers (Special) to libshutdown2.o(.ARM.Collect$$libshutdown$$0000000F) for __rt_lib_shutdown_return
    libshutdown.o(.ARM.Collect$$libshutdown$$00000000) refers (Special) to libshutdown2.o(.ARM.Collect$$libshutdown$$00000009) for __rt_lib_shutdown_signal_1
    libshutdown.o(.ARM.Collect$$libshutdown$$00000000) refers (Special) to libshutdown2.o(.ARM.Collect$$libshutdown$$00000003) for __rt_lib_shutdown_stdio_1
    libshutdown.o(.ARM.Collect$$libshutdown$$00000000) refers (Special) to libshutdown2.o(.ARM.Collect$$libshutdown$$0000000B) for __rt_lib_shutdown_user_alloc_1
    sys_command.o(.text) refers (Special) to use_no_semi.o(.text) for __I$use$semihosting
    sys_command.o(.text) refers (Special) to indicate_semi.o(.text) for __semihosting_library_function
    defsig_abrt_inner.o(.text) refers to defsig_general.o(.text) for __default_signal_display
    defsig_rtred_inner.o(.text) refers to defsig_general.o(.text) for __default_signal_display
    defsig_rtmem_inner.o(.text) refers to defsig_general.o(.text) for __default_signal_display
    defsig_rtmem_outer.o(.text) refers to defsig_rtmem_inner.o(.text) for __rt_SIGRTMEM_inner
    defsig_rtmem_outer.o(.text) refers to defsig_exit.o(.text) for __sig_exit
    defsig_rtmem_formal.o(.text) refers to rt_raise.o(.text) for __rt_raise
    defsig_stak_inner.o(.text) refers to defsig_general.o(.text) for __default_signal_display
    defsig_pvfn_inner.o(.text) refers to defsig_general.o(.text) for __default_signal_display
    defsig_cppl_inner.o(.text) refers to defsig_general.o(.text) for __default_signal_display
    defsig_segv_inner.o(.text) refers to defsig_general.o(.text) for __default_signal_display
    defsig_other.o(.text) refers to defsig_general.o(.text) for __default_signal_display


==============================================================================

Removing Unused input sections from the image.

    Removing system_nrf51.o(.rev16_text), (4 bytes).
    Removing system_nrf51.o(.revsh_text), (4 bytes).
    Removing main.o(.rev16_text), (4 bytes).
    Removing main.o(.revsh_text), (4 bytes).
    Removing main.o(.emb_text), (30 bytes).
    Removing ble_srv_common.o(.rev16_text), (4 bytes).
    Removing ble_srv_common.o(.revsh_text), (4 bytes).
    Removing ble_srv_common.o(.text), (136 bytes).
    Removing ble_quote_srv.o(.rev16_text), (4 bytes).
    Removing ble_quote_srv.o(.revsh_text), (4 bytes).
    Removing ble_quote_srv.o(.emb_text), (30 bytes).
    Removing ble_error_log.o(.rev16_text), (4 bytes).
    Removing ble_error_log.o(.revsh_text), (4 bytes).
    Removing ble_error_log.o(.text), (96 bytes).
    Removing ble_error_log.o(.bss), (392 bytes).
    Removing pstorage.o(.rev16_text), (4 bytes).
    Removing pstorage.o(.revsh_text), (4 bytes).
    Removing crc16.o(.text), (68 bytes).
    Removing ble_advdata.o(.rev16_text), (4 bytes).
    Removing ble_advdata.o(.revsh_text), (4 bytes).
    Removing app_scheduler.o(.rev16_text), (4 bytes).
    Removing app_scheduler.o(.revsh_text), (4 bytes).
    Removing app_timer.o(.rev16_text), (4 bytes).
    Removing app_timer.o(.revsh_text), (4 bytes).
    Removing ble_conn_params.o(.rev16_text), (4 bytes).
    Removing ble_conn_params.o(.revsh_text), (4 bytes).
    Removing softdevice_handler.o(.rev16_text), (4 bytes).
    Removing softdevice_handler.o(.revsh_text), (4 bytes).
    Removing app_button.o(.rev16_text), (4 bytes).
    Removing app_button.o(.revsh_text), (4 bytes).
    Removing app_gpiote.o(.rev16_text), (4 bytes).
    Removing app_gpiote.o(.revsh_text), (4 bytes).
    Removing ble_debug_assert_handler.o(.rev16_text), (4 bytes).
    Removing ble_debug_assert_handler.o(.revsh_text), (4 bytes).
    Removing ble_debug_assert_handler.o(.text), (60 bytes).
    Removing ble_debug_assert_handler.o(.bss), (128 bytes).
    Removing ble_debug_assert_handler.o(.data), (8 bytes).
    Removing nrf_delay.o(.rev16_text), (4 bytes).
    Removing nrf_delay.o(.revsh_text), (4 bytes).

39 unused section(s) (total 1068 bytes) removed from the image.

==============================================================================

Image Symbol Table

    Local Symbols

    Symbol Name                              Value     Ov Type        Size  Object(Section)

    ../clib/angel/boardlib.s                 0x00000000   Number         0  boardinit3.o ABSOLUTE
    ../clib/angel/boardlib.s                 0x00000000   Number         0  boardinit2.o ABSOLUTE
    ../clib/angel/boardlib.s                 0x00000000   Number         0  boardinit1.o ABSOLUTE
    ../clib/angel/boardlib.s                 0x00000000   Number         0  boardshut.o ABSOLUTE
    ../clib/angel/handlers.s                 0x00000000   Number         0  __scatter_copy.o ABSOLUTE
    ../clib/angel/handlers.s                 0x00000000   Number         0  __scatter_zi.o ABSOLUTE
    ../clib/angel/kernel.s                   0x00000000   Number         0  rtexit2.o ABSOLUTE
    ../clib/angel/kernel.s                   0x00000000   Number         0  rtexit.o ABSOLUTE
    ../clib/angel/kernel.s                   0x00000000   Number         0  rtentry.o ABSOLUTE
    ../clib/angel/kernel.s                   0x00000000   Number         0  rtentry2.o ABSOLUTE
    ../clib/angel/kernel.s                   0x00000000   Number         0  rtentry4.o ABSOLUTE
    ../clib/angel/rt.s                       0x00000000   Number         0  rt_div0.o ABSOLUTE
    ../clib/angel/rt.s                       0x00000000   Number         0  rt_raise.o ABSOLUTE
    ../clib/angel/rt.s                       0x00000000   Number         0  aeabi_idiv0.o ABSOLUTE
    ../clib/angel/rt.s                       0x00000000   Number         0  aeabi_idiv0_sigfpe.o ABSOLUTE
    ../clib/angel/scatterp.s                 0x00000000   Number         0  __scatter.o ABSOLUTE
    ../clib/angel/startup.s                  0x00000000   Number         0  __main.o ABSOLUTE
    ../clib/angel/sys.s                      0x00000000   Number         0  tempstk.o ABSOLUTE
    ../clib/angel/sys.s                      0x00000000   Number         0  libspace.o ABSOLUTE
    ../clib/angel/sys.s                      0x00000000   Number         0  sys_stackheap_outer.o ABSOLUTE
    ../clib/angel/sys.s                      0x00000000   Number         0  use_no_semi.o ABSOLUTE
    ../clib/angel/sys.s                      0x00000000   Number         0  indicate_semi.o ABSOLUTE
    ../clib/angel/sysapp.c                   0x00000000   Number         0  sys_exit.o ABSOLUTE
    ../clib/angel/sysapp.c                   0x00000000   Number         0  sys_command.o ABSOLUTE
    ../clib/angel/sysapp.c                   0x00000000   Number         0  sys_wrch.o ABSOLUTE
    ../clib/armsys.c                         0x00000000   Number         0  argv_veneer.o ABSOLUTE
    ../clib/armsys.c                         0x00000000   Number         0  _get_argv_nomalloc.o ABSOLUTE
    ../clib/armsys.c                         0x00000000   Number         0  no_argv.o ABSOLUTE
    ../clib/division.s                       0x00000000   Number         0  aeabi_sdiv.o ABSOLUTE
    ../clib/division.s                       0x00000000   Number         0  aeabi_sdiv_div0.o ABSOLUTE
    ../clib/heapalloc.c                      0x00000000   Number         0  hrguard.o ABSOLUTE
    ../clib/heapaux.c                        0x00000000   Number         0  heapauxi.o ABSOLUTE
    ../clib/libinit.s                        0x00000000   Number         0  libshutdown2.o ABSOLUTE
    ../clib/libinit.s                        0x00000000   Number         0  libshutdown.o ABSOLUTE
    ../clib/libinit.s                        0x00000000   Number         0  libinit.o ABSOLUTE
    ../clib/libinit.s                        0x00000000   Number         0  libinit2.o ABSOLUTE
    ../clib/memcpset.c                       0x00000000   Number         0  rt_memcpy.o ABSOLUTE
    ../clib/memcpset.c                       0x00000000   Number         0  rt_memclr.o ABSOLUTE
    ../clib/memcpset.c                       0x00000000   Number         0  rt_memcpy.o ABSOLUTE
    ../clib/signal.c                         0x00000000   Number         0  defsig_other.o ABSOLUTE
    ../clib/signal.c                         0x00000000   Number         0  defsig_segv_inner.o ABSOLUTE
    ../clib/signal.c                         0x00000000   Number         0  defsig_rtmem_inner.o ABSOLUTE
    ../clib/signal.c                         0x00000000   Number         0  defsig_cppl_inner.o ABSOLUTE
    ../clib/signal.c                         0x00000000   Number         0  defsig_pvfn_inner.o ABSOLUTE
    ../clib/signal.c                         0x00000000   Number         0  defsig_stak_inner.o ABSOLUTE
    ../clib/signal.c                         0x00000000   Number         0  defsig_rtmem_formal.o ABSOLUTE
    ../clib/signal.c                         0x00000000   Number         0  defsig_rtmem_outer.o ABSOLUTE
    ../clib/signal.c                         0x00000000   Number         0  defsig_rtred_inner.o ABSOLUTE
    ../clib/signal.c                         0x00000000   Number         0  defsig_abrt_inner.o ABSOLUTE
    ../clib/signal.c                         0x00000000   Number         0  defsig_fpe_outer.o ABSOLUTE
    ../clib/signal.c                         0x00000000   Number         0  defsig_general.o ABSOLUTE
    ../clib/signal.c                         0x00000000   Number         0  defsig_fpe_formal.o ABSOLUTE
    ../clib/signal.c                         0x00000000   Number         0  defsig_exit.o ABSOLUTE
    ../clib/signal.c                         0x00000000   Number         0  __raise.o ABSOLUTE
    ../clib/signal.c                         0x00000000   Number         0  defsig_fpe_inner.o ABSOLUTE
    ../clib/signal.s                         0x00000000   Number         0  defsig.o ABSOLUTE
    ../clib/stdlib.c                         0x00000000   Number         0  exit.o ABSOLUTE
    ../clib/string.c                         0x00000000   Number         0  strlen.o ABSOLUTE
    ../clib/string.c                         0x00000000   Number         0  strncpy.o ABSOLUTE
    ../fplib/cfplib/fpinit.c                 0x00000000   Number         0  fpinit.o ABSOLUTE
    ..\..\..\..\..\Source\app_common\app_button.c 0x00000000   Number         0  app_button.o ABSOLUTE
    ..\..\..\..\..\Source\app_common\app_gpiote.c 0x00000000   Number         0  app_gpiote.o ABSOLUTE
    ..\..\..\..\..\Source\app_common\app_scheduler.c 0x00000000   Number         0  app_scheduler.o ABSOLUTE
    ..\..\..\..\..\Source\app_common\app_timer.c 0x00000000   Number         0  app_timer.o ABSOLUTE
    ..\..\..\..\..\Source\app_common\crc16.c 0x00000000   Number         0  crc16.o ABSOLUTE
    ..\..\..\..\..\Source\app_common\pstorage.c 0x00000000   Number         0  pstorage.o ABSOLUTE
    ..\..\..\..\..\Source\ble\ble_advdata.c  0x00000000   Number         0  ble_advdata.o ABSOLUTE
    ..\..\..\..\..\Source\ble\ble_conn_params.c 0x00000000   Number         0  ble_conn_params.o ABSOLUTE
    ..\..\..\..\..\Source\ble\ble_debug_assert_handler.c 0x00000000   Number         0  ble_debug_assert_handler.o ABSOLUTE
    ..\..\..\..\..\Source\ble\ble_error_log.c 0x00000000   Number         0  ble_error_log.o ABSOLUTE
    ..\..\..\..\..\Source\ble\ble_services\ble_srv_common.c 0x00000000   Number         0  ble_srv_common.o ABSOLUTE
    ..\..\..\..\..\Source\nrf_delay\nrf_delay.c 0x00000000   Number         0  nrf_delay.o ABSOLUTE
    ..\..\..\..\..\Source\sd_common\softdevice_handler.c 0x00000000   Number         0  softdevice_handler.o ABSOLUTE
    ..\..\..\..\..\Source\templates\arm\arm_startup_nrf51.s 0x00000000   Number         0  arm_startup_nrf51.o ABSOLUTE
    ..\..\..\..\..\Source\templates\system_nrf51.c 0x00000000   Number         0  system_nrf51.o ABSOLUTE
    ..\\..\\..\\..\\..\\Source\\app_common\\app_button.c 0x00000000   Number         0  app_button.o ABSOLUTE
    ..\\..\\..\\..\\..\\Source\\app_common\\app_gpiote.c 0x00000000   Number         0  app_gpiote.o ABSOLUTE
    ..\\..\\..\\..\\..\\Source\\app_common\\app_scheduler.c 0x00000000   Number         0  app_scheduler.o ABSOLUTE
    ..\\..\\..\\..\\..\\Source\\app_common\\app_timer.c 0x00000000   Number         0  app_timer.o ABSOLUTE
    ..\\..\\..\\..\\..\\Source\\app_common\\pstorage.c 0x00000000   Number         0  pstorage.o ABSOLUTE
    ..\\..\\..\\..\\..\\Source\\ble\\ble_advdata.c 0x00000000   Number         0  ble_advdata.o ABSOLUTE
    ..\\..\\..\\..\\..\\Source\\ble\\ble_conn_params.c 0x00000000   Number         0  ble_conn_params.o ABSOLUTE
    ..\\..\\..\\..\\..\\Source\\ble\\ble_debug_assert_handler.c 0x00000000   Number         0  ble_debug_assert_handler.o ABSOLUTE
    ..\\..\\..\\..\\..\\Source\\ble\\ble_error_log.c 0x00000000   Number         0  ble_error_log.o ABSOLUTE
    ..\\..\\..\\..\\..\\Source\\ble\\ble_services\\ble_srv_common.c 0x00000000   Number         0  ble_srv_common.o ABSOLUTE
    ..\\..\\..\\..\\..\\Source\\nrf_delay\\nrf_delay.c 0x00000000   Number         0  nrf_delay.o ABSOLUTE
    ..\\..\\..\\..\\..\\Source\\sd_common\\softdevice_handler.c 0x00000000   Number         0  softdevice_handler.o ABSOLUTE
    ..\\..\\..\\..\\..\\Source\\templates\\system_nrf51.c 0x00000000   Number         0  system_nrf51.o ABSOLUTE
    ..\\ble_quote_srv.c                      0x00000000   Number         0  ble_quote_srv.o ABSOLUTE
    ..\\main.c                               0x00000000   Number         0  main.o ABSOLUTE
    ..\ble_QUOTE.c                           0x00000000   Number         0  ble_quote.o ABSOLUTE
    ..\ble_quote_srv.c                       0x00000000   Number         0  ble_quote_srv.o ABSOLUTE
    ..\main.c                                0x00000000   Number         0  main.o ABSOLUTE
    dc.s                                     0x00000000   Number         0  dc.o ABSOLUTE
    RESET                                    0x00014000   Section      192  arm_startup_nrf51.o(RESET)
    !!!main                                  0x000140c0   Section        8  __main.o(!!!main)
    !!!scatter                               0x000140c8   Section       60  __scatter.o(!!!scatter)
    !!handler_copy                           0x00014104   Section       26  __scatter_copy.o(!!handler_copy)
    !!handler_zi                             0x00014120   Section       28  __scatter_zi.o(!!handler_zi)
    .ARM.Collect$$libinit$$00000000          0x0001413c   Section        2  libinit.o(.ARM.Collect$$libinit$$00000000)
    .ARM.Collect$$libinit$$00000001          0x0001413e   Section        4  libinit2.o(.ARM.Collect$$libinit$$00000001)
    .ARM.Collect$$libinit$$00000008          0x00014142   Section        0  libinit2.o(.ARM.Collect$$libinit$$00000008)
    .ARM.Collect$$libinit$$0000000A          0x00014142   Section        0  libinit2.o(.ARM.Collect$$libinit$$0000000A)
    .ARM.Collect$$libinit$$0000000C          0x00014142   Section        0  libinit2.o(.ARM.Collect$$libinit$$0000000C)
    .ARM.Collect$$libinit$$0000000F          0x00014142   Section        0  libinit2.o(.ARM.Collect$$libinit$$0000000F)
    .ARM.Collect$$libinit$$00000011          0x00014142   Section        0  libinit2.o(.ARM.Collect$$libinit$$00000011)
    .ARM.Collect$$libinit$$00000013          0x00014142   Section        0  libinit2.o(.ARM.Collect$$libinit$$00000013)
    .ARM.Collect$$libinit$$00000015          0x00014142   Section        0  libinit2.o(.ARM.Collect$$libinit$$00000015)
    .ARM.Collect$$libinit$$00000017          0x00014142   Section        0  libinit2.o(.ARM.Collect$$libinit$$00000017)
    .ARM.Collect$$libinit$$00000019          0x00014142   Section        0  libinit2.o(.ARM.Collect$$libinit$$00000019)
    .ARM.Collect$$libinit$$0000001B          0x00014142   Section        0  libinit2.o(.ARM.Collect$$libinit$$0000001B)
    .ARM.Collect$$libinit$$0000001D          0x00014142   Section        0  libinit2.o(.ARM.Collect$$libinit$$0000001D)
    .ARM.Collect$$libinit$$0000001F          0x00014142   Section        0  libinit2.o(.ARM.Collect$$libinit$$0000001F)
    .ARM.Collect$$libinit$$00000021          0x00014142   Section        0  libinit2.o(.ARM.Collect$$libinit$$00000021)
    .ARM.Collect$$libinit$$00000023          0x00014142   Section        0  libinit2.o(.ARM.Collect$$libinit$$00000023)
    .ARM.Collect$$libinit$$0000002A          0x00014142   Section        0  libinit2.o(.ARM.Collect$$libinit$$0000002A)
    .ARM.Collect$$libinit$$0000002C          0x00014142   Section        0  libinit2.o(.ARM.Collect$$libinit$$0000002C)
    .ARM.Collect$$libinit$$0000002E          0x00014142   Section        0  libinit2.o(.ARM.Collect$$libinit$$0000002E)
    .ARM.Collect$$libinit$$00000030          0x00014142   Section        0  libinit2.o(.ARM.Collect$$libinit$$00000030)
    .ARM.Collect$$libinit$$00000031          0x00014142   Section        2  libinit2.o(.ARM.Collect$$libinit$$00000031)
    .ARM.Collect$$libshutdown$$00000000      0x00014144   Section        2  libshutdown.o(.ARM.Collect$$libshutdown$$00000000)
    .ARM.Collect$$libshutdown$$00000003      0x00014146   Section        0  libshutdown2.o(.ARM.Collect$$libshutdown$$00000003)
    .ARM.Collect$$libshutdown$$00000006      0x00014146   Section        0  libshutdown2.o(.ARM.Collect$$libshutdown$$00000006)
    .ARM.Collect$$libshutdown$$00000009      0x00014146   Section        0  libshutdown2.o(.ARM.Collect$$libshutdown$$00000009)
    .ARM.Collect$$libshutdown$$0000000B      0x00014146   Section        0  libshutdown2.o(.ARM.Collect$$libshutdown$$0000000B)
    .ARM.Collect$$libshutdown$$0000000E      0x00014146   Section        0  libshutdown2.o(.ARM.Collect$$libshutdown$$0000000E)
    .ARM.Collect$$libshutdown$$0000000F      0x00014146   Section        2  libshutdown2.o(.ARM.Collect$$libshutdown$$0000000F)
    .ARM.Collect$$rtentry$$00000000          0x00014148   Section        0  rtentry.o(.ARM.Collect$$rtentry$$00000000)
    .ARM.Collect$$rtentry$$00000002          0x00014148   Section        0  rtentry2.o(.ARM.Collect$$rtentry$$00000002)
    .ARM.Collect$$rtentry$$00000004          0x00014148   Section        6  rtentry4.o(.ARM.Collect$$rtentry$$00000004)
    .ARM.Collect$$rtentry$$00000009          0x0001414e   Section        0  rtentry2.o(.ARM.Collect$$rtentry$$00000009)
    .ARM.Collect$$rtentry$$0000000A          0x0001414e   Section        4  rtentry2.o(.ARM.Collect$$rtentry$$0000000A)
    .ARM.Collect$$rtentry$$0000000C          0x00014152   Section        0  rtentry2.o(.ARM.Collect$$rtentry$$0000000C)
    .ARM.Collect$$rtentry$$0000000D          0x00014152   Section        8  rtentry2.o(.ARM.Collect$$rtentry$$0000000D)
    .ARM.Collect$$rtexit$$00000000           0x0001415a   Section        2  rtexit.o(.ARM.Collect$$rtexit$$00000000)
    .ARM.Collect$$rtexit$$00000002           0x0001415c   Section        0  rtexit2.o(.ARM.Collect$$rtexit$$00000002)
    .ARM.Collect$$rtexit$$00000003           0x0001415c   Section        4  rtexit2.o(.ARM.Collect$$rtexit$$00000003)
    .ARM.Collect$$rtexit$$00000004           0x00014160   Section        6  rtexit2.o(.ARM.Collect$$rtexit$$00000004)
    .emb_text                                0x00014168   Section       30  app_timer.o(.emb_text)
    .emb_text                                0x00014188   Section       30  nrf_delay.o(.emb_text)
    .emb_text                                0x000141a8   Section       56  rt_memcpy.o(.emb_text)
    .text                                    0x000141e0   Section       72  arm_startup_nrf51.o(.text)
    .text                                    0x00014228   Section        0  system_nrf51.o(.text)
    is_disabled_in_debug_needed              0x00014231   Thumb Code    52  system_nrf51.o(.text)
    is_manual_peripheral_setup_needed        0x00014265   Thumb Code   104  system_nrf51.o(.text)
    .text                                    0x00014310   Section        0  main.o(.text)
    leds_init                                0x0001436d   Thumb Code    52  main.o(.text)
    timers_init                              0x000143a1   Thumb Code    48  main.o(.text)
    gap_params_init                          0x000143d1   Thumb Code   124  main.o(.text)
    advertising_init                         0x0001444d   Thumb Code    84  main.o(.text)
    services_init                            0x000144ad   Thumb Code    46  main.o(.text)
    sec_params_init                          0x000144db   Thumb Code    66  main.o(.text)
    on_conn_params_evt                       0x0001451d   Thumb Code    46  main.o(.text)
    conn_params_error_handler                0x0001454b   Thumb Code    14  main.o(.text)
    conn_params_init                         0x00014559   Thumb Code    82  main.o(.text)
    timers_start                             0x000145ab   Thumb Code   124  main.o(.text)
    advertising_start                        0x00014627   Thumb Code    72  main.o(.text)
    on_ble_evt                               0x0001466f   Thumb Code   438  main.o(.text)
    ble_evt_dispatch                         0x00014825   Thumb Code    26  main.o(.text)
    sys_evt_dispatch                         0x0001483f   Thumb Code    12  main.o(.text)
    ble_stack_init                           0x0001484b   Thumb Code   110  main.o(.text)
    scheduler_init                           0x000148b9   Thumb Code    44  main.o(.text)
    gpiote_init                              0x000148e5   Thumb Code    42  main.o(.text)
    buttons_init                             0x0001490f   Thumb Code    46  main.o(.text)
    power_manage                             0x0001493d   Thumb Code    32  main.o(.text)
    nrf_gpio_cfg_output                      0x00014995   Thumb Code    18  main.o(.text)
    nrf_gpio_pin_set                         0x000149a7   Thumb Code    10  main.o(.text)
    nrf_gpio_pin_clear                       0x000149b1   Thumb Code    10  main.o(.text)
    .text                                    0x000149f0   Section        0  ble_quote.o(.text)
    .text                                    0x000149f4   Section        0  ble_quote_srv.o(.text)
    on_connect                               0x000149f5   Thumb Code     6  ble_quote_srv.o(.text)
    on_disconnect                            0x000149fb   Thumb Code     8  ble_quote_srv.o(.text)
    on_write                                 0x00014a03   Thumb Code    66  ble_quote_srv.o(.text)
    write_char_add                           0x00014a7f   Thumb Code   318  ble_quote_srv.o(.text)
    erase_char_add                           0x00014bbd   Thumb Code   322  ble_quote_srv.o(.text)
    .text                                    0x00014ddc   Section        0  pstorage.o(.text)
    cmd_queue_element_init                   0x00014ddd   Thumb Code    56  pstorage.o(.text)
    cmd_queue_init                           0x00014e15   Thumb Code    40  pstorage.o(.text)
    swap_state_process                       0x00014e3d   Thumb Code   578  pstorage.o(.text)
    cmd_process                              0x0001507f   Thumb Code   382  pstorage.o(.text)
    cmd_queue_enqueue                        0x000151fd   Thumb Code   138  pstorage.o(.text)
    app_notify                               0x00015287   Thumb Code   100  pstorage.o(.text)
    cmd_queue_dequeue                        0x000152eb   Thumb Code    36  pstorage.o(.text)
    is_word_aligned                          0x00015a43   Thumb Code    18  pstorage.o(.text)
    .text                                    0x00015a5c   Section        0  ble_advdata.o(.text)
    name_encode                              0x00015a5d   Thumb Code   150  ble_advdata.o(.text)
    appearance_encode                        0x00015af3   Thumb Code    74  ble_advdata.o(.text)
    uint8_array_encode                       0x00015b3d   Thumb Code    82  ble_advdata.o(.text)
    tx_power_level_encode                    0x00015b8f   Thumb Code    48  ble_advdata.o(.text)
    uuid_list_sized_encode                   0x00015bbf   Thumb Code   196  ble_advdata.o(.text)
    uuid_list_encode                         0x00015c83   Thumb Code    64  ble_advdata.o(.text)
    conn_int_check                           0x00015cc3   Thumb Code    88  ble_advdata.o(.text)
    conn_int_encode                          0x00015d1b   Thumb Code    92  ble_advdata.o(.text)
    manuf_specific_data_encode               0x00015d77   Thumb Code   106  ble_advdata.o(.text)
    service_data_encode                      0x00015de1   Thumb Code   140  ble_advdata.o(.text)
    adv_data_encode                          0x00015e6d   Thumb Code   302  ble_advdata.o(.text)
    advdata_check                            0x00015f9b   Thumb Code    34  ble_advdata.o(.text)
    srdata_check                             0x00015fbd   Thumb Code    16  ble_advdata.o(.text)
    uint16_encode                            0x00016047   Thumb Code    18  ble_advdata.o(.text)
    .text                                    0x0001605c   Section        0  app_scheduler.o(.text)
    app_sched_event_get                      0x0001618d   Thumb Code    84  app_scheduler.o(.text)
    current_int_priority_get                 0x000161ff   Thumb Code    84  app_scheduler.o(.text)
    next_index                               0x00016253   Thumb Code    20  app_scheduler.o(.text)
    .text                                    0x000162c0   Section        0  app_timer.o(.text)
    NVIC_SetPriority                         0x000162c1   Thumb Code   110  app_timer.o(.text)
    rtc1_init                                0x0001632f   Thumb Code    18  app_timer.o(.text)
    rtc1_start                               0x00016341   Thumb Code    42  app_timer.o(.text)
    rtc1_stop                                0x0001636b   Thumb Code    44  app_timer.o(.text)
    timer_list_insert                        0x00016397   Thumb Code   212  app_timer.o(.text)
    timer_list_remove                        0x0001646b   Thumb Code   156  app_timer.o(.text)
    timer_timeouts_check_sched               0x00016507   Thumb Code    10  app_timer.o(.text)
    timer_list_handler_sched                 0x00016511   Thumb Code    10  app_timer.o(.text)
    timeout_handler_exec                     0x0001651b   Thumb Code    60  app_timer.o(.text)
    timer_timeouts_check                     0x00016557   Thumb Code   132  app_timer.o(.text)
    elapsed_ticks_acquire                    0x000165db   Thumb Code    82  app_timer.o(.text)
    list_deletions_handler                   0x0001662d   Thumb Code   280  app_timer.o(.text)
    expired_timers_handler                   0x00016745   Thumb Code   100  app_timer.o(.text)
    list_insertions_handler                  0x000167a9   Thumb Code   264  app_timer.o(.text)
    compare_reg_update                       0x000168b1   Thumb Code   128  app_timer.o(.text)
    timer_list_handler                       0x00016931   Thumb Code    70  app_timer.o(.text)
    user_op_enque                            0x00016977   Thumb Code     4  app_timer.o(.text)
    user_op_alloc                            0x0001697b   Thumb Code    44  app_timer.o(.text)
    timer_start_op_schedule                  0x000169a7   Thumb Code    80  app_timer.o(.text)
    timer_stop_op_schedule                   0x000169f7   Thumb Code    58  app_timer.o(.text)
    timer_stop_all_op_schedule               0x00016a31   Thumb Code    58  app_timer.o(.text)
    user_id_get                              0x00016bf7   Thumb Code    34  app_timer.o(.text)
    NVIC_EnableIRQ                           0x00016cf5   Thumb Code    14  app_timer.o(.text)
    NVIC_SetPendingIRQ                       0x00016d03   Thumb Code    14  app_timer.o(.text)
    NVIC_ClearPendingIRQ                     0x00016d11   Thumb Code    16  app_timer.o(.text)
    current_int_priority_get                 0x00016d21   Thumb Code    84  app_timer.o(.text)
    rtc1_counter_get                         0x00016d75   Thumb Code     6  app_timer.o(.text)
    ticks_diff_get                           0x00016d7b   Thumb Code    10  app_timer.o(.text)
    .text                                    0x00016dac   Section        0  ble_conn_params.o(.text)
    is_conn_params_ok                        0x00016dad   Thumb Code    30  ble_conn_params.o(.text)
    update_timeout_handler                   0x00016dcb   Thumb Code   136  ble_conn_params.o(.text)
    conn_params_negotiation                  0x00016eb9   Thumb Code   126  ble_conn_params.o(.text)
    on_connect                               0x00016f37   Thumb Code    42  ble_conn_params.o(.text)
    on_disconnect                            0x00016f61   Thumb Code    50  ble_conn_params.o(.text)
    on_write                                 0x00016f93   Thumb Code    84  ble_conn_params.o(.text)
    on_conn_params_update                    0x00016fe7   Thumb Code    20  ble_conn_params.o(.text)
    .text                                    0x000170b4   Section        0  softdevice_handler.o(.text)
    .text                                    0x00017288   Section        0  app_button.o(.text)
    button_handler_execute                   0x00017289   Thumb Code    82  app_button.o(.text)
    detection_delay_timeout_handler          0x000172db   Thumb Code   144  app_button.o(.text)
    gpiote_event_handler                     0x0001736b   Thumb Code    52  app_button.o(.text)
    .text                                    0x00017524   Section        0  app_gpiote.o(.text)
    sense_level_toggle                       0x00017525   Thumb Code   128  app_gpiote.o(.text)
    pins_sense_disable                       0x00017643   Thumb Code    98  app_gpiote.o(.text)
    NVIC_SetPriority                         0x000178fb   Thumb Code   110  app_gpiote.o(.text)
    .text                                    0x00017990   Section        0  nrf_delay.o(.text)
    .text                                    0x000179ac   Section        0  rt_memcpy.o(.text)
    .text                                    0x00017a2e   Section        0  rt_memclr.o(.text)
    .text                                    0x00017a6e   Section      346  aeabi_sdiv.o(.text)
    .text                                    0x00017bc8   Section        0  heapauxi.o(.text)
    .text                                    0x00017bce   Section       62  sys_stackheap_outer.o(.text)
    .text                                    0x00017c0c   Section        0  exit.o(.text)
    .text                                    0x00017c18   Section        8  libspace.o(.text)
    .text                                    0x00017c20   Section        0  sys_exit.o(.text)
    .text                                    0x00017c2c   Section        2  use_no_semi.o(.text)
    .text                                    0x00017c2e   Section        0  indicate_semi.o(.text)
    i.__ARM_common_switch8                   0x00017c2e   Section        0  pstorage.o(i.__ARM_common_switch8)
    .constdata                               0x00017c4c   Section        4  main.o(.constdata)
    .constdata                               0x00017c50   Section       16  ble_quote_srv.o(.constdata)
    .data                                    0x20002000   Section        4  system_nrf51.o(.data)
    __tagsym$$used                           0x20002000   Number         0  system_nrf51.o(.data)
    .data                                    0x20002004   Section       48  main.o(.data)
    m_sec_params                             0x20002004   Data           6  main.o(.data)
    m_conn_handle                            0x2000200a   Data           2  main.o(.data)
    m_accel_id                               0x2000200c   Data           4  main.o(.data)
    m_magn_id                                0x20002010   Data           4  main.o(.data)
    m_gyro_id                                0x20002014   Data           4  main.o(.data)
    accel_timeout_ticks                      0x20002018   Data           4  main.o(.data)
    magn_timeout_ticks                       0x2000201c   Data           4  main.o(.data)
    gyro_timeout_ticks                       0x20002020   Data           4  main.o(.data)
    err_code                                 0x20002024   Data           4  main.o(.data)
    i                                        0x20002028   Data           1  main.o(.data)
    buttons                                  0x2000202c   Data           8  main.o(.data)
    .data                                    0x20002034   Section       12  pstorage.o(.data)
    m_next_app_instance                      0x20002034   Data           2  pstorage.o(.data)
    m_next_page_addr                         0x20002038   Data           4  pstorage.o(.data)
    m_round_val                              0x2000203c   Data           2  pstorage.o(.data)
    m_module_initialized                     0x2000203e   Data           1  pstorage.o(.data)
    m_swap_state                             0x2000203f   Data           1  pstorage.o(.data)
    .data                                    0x20002040   Section       14  app_scheduler.o(.data)
    m_queue_event_headers                    0x20002040   Data           4  app_scheduler.o(.data)
    m_queue_event_data                       0x20002044   Data           4  app_scheduler.o(.data)
    m_queue_start_index                      0x20002048   Data           1  app_scheduler.o(.data)
    m_queue_end_index                        0x20002049   Data           1  app_scheduler.o(.data)
    m_queue_event_size                       0x2000204a   Data           2  app_scheduler.o(.data)
    m_queue_size                             0x2000204c   Data           2  app_scheduler.o(.data)
    .data                                    0x20002050   Section       40  app_timer.o(.data)
    m_node_array_size                        0x20002050   Data           1  app_timer.o(.data)
    mp_nodes                                 0x20002054   Data           4  app_timer.o(.data)
    m_user_array_size                        0x20002058   Data           1  app_timer.o(.data)
    mp_users                                 0x2000205c   Data           4  app_timer.o(.data)
    m_timer_id_head                          0x20002060   Data           4  app_timer.o(.data)
    m_ticks_latest                           0x20002064   Data           4  app_timer.o(.data)
    m_ticks_elapsed                          0x20002068   Data           8  app_timer.o(.data)
    m_ticks_elapsed_q_read_ind               0x20002070   Data           1  app_timer.o(.data)
    m_ticks_elapsed_q_write_ind              0x20002071   Data           1  app_timer.o(.data)
    m_evt_schedule_func                      0x20002074   Data           4  app_timer.o(.data)
    .data                                    0x20002078   Section       25  ble_conn_params.o(.data)
    m_preferred_conn_params                  0x20002078   Data           8  ble_conn_params.o(.data)
    m_update_count                           0x20002080   Data           1  ble_conn_params.o(.data)
    m_conn_handle                            0x20002082   Data           2  ble_conn_params.o(.data)
    m_current_conn_params                    0x20002084   Data           8  ble_conn_params.o(.data)
    m_conn_params_timer_id                   0x2000208c   Data           4  ble_conn_params.o(.data)
    m_change_param                           0x20002090   Data           1  ble_conn_params.o(.data)
    .data                                    0x20002094   Section       20  softdevice_handler.o(.data)
    m_evt_schedule_func                      0x20002094   Data           4  softdevice_handler.o(.data)
    m_evt_buffer                             0x20002098   Data           4  softdevice_handler.o(.data)
    m_ble_evt_buffer_size                    0x2000209c   Data           2  softdevice_handler.o(.data)
    m_softdevice_enabled                     0x2000209e   Data           1  softdevice_handler.o(.data)
    m_ble_evt_handler                        0x200020a0   Data           4  softdevice_handler.o(.data)
    m_sys_evt_handler                        0x200020a4   Data           4  softdevice_handler.o(.data)
    .data                                    0x200020a8   Section       32  app_button.o(.data)
    mp_buttons                               0x200020a8   Data           4  app_button.o(.data)
    m_button_count                           0x200020ac   Data           1  app_button.o(.data)
    m_detection_delay                        0x200020b0   Data           4  app_button.o(.data)
    m_evt_schedule_func                      0x200020b4   Data           4  app_button.o(.data)
    m_gpiote_user_id                         0x200020b8   Data           1  app_button.o(.data)
    m_detection_delay_timer_id               0x200020bc   Data           4  app_button.o(.data)
    m_pin_transition                         0x200020c0   Data           8  app_button.o(.data)
    .data                                    0x200020c8   Section       12  app_gpiote.o(.data)
    m_enabled_users_mask                     0x200020c8   Data           4  app_gpiote.o(.data)
    m_user_array_size                        0x200020cc   Data           1  app_gpiote.o(.data)
    m_user_count                             0x200020cd   Data           1  app_gpiote.o(.data)
    mp_users                                 0x200020d0   Data           4  app_gpiote.o(.data)
    .bss                                     0x200020d4   Section     1592  main.o(.bss)
    m_inert                                  0x200020d4   Data          36  main.o(.bss)
    file_name                                0x200020f8   Data         100  main.o(.bss)
    APP_TIMER_BUF                            0x2000215c   Data        1128  main.o(.bss)
    m_auth_status                            0x200025c4   Data          50  main.o(.bss)
    EVT_BUFFER                               0x200025f8   Data          80  main.o(.bss)
    APP_SCHED_BUF                            0x20002648   Data         176  main.o(.bss)
    app_gpiote_buf                           0x200026f8   Data          20  main.o(.bss)
    .bss                                     0x2000270c   Section      636  pstorage.o(.bss)
    m_cmd_queue                              0x2000270c   Data         604  pstorage.o(.bss)
    m_app_table                              0x20002968   Data          32  pstorage.o(.bss)
    .bss                                     0x20002988   Section       28  ble_conn_params.o(.bss)
    m_conn_params_config                     0x20002988   Data          28  ble_conn_params.o(.bss)
    .bss                                     0x200029a4   Section       96  libspace.o(.bss)
    HEAP                                     0x20002a08   Section     2048  arm_startup_nrf51.o(HEAP)
    Heap_Mem                                 0x20002a08   Data        2048  arm_startup_nrf51.o(HEAP)
    STACK                                    0x20003208   Section     2048  arm_startup_nrf51.o(STACK)
    Stack_Mem                                0x20003208   Data        2048  arm_startup_nrf51.o(STACK)
    __initial_sp                             0x20003a08   Data           0  arm_startup_nrf51.o(STACK)

    Global Symbols

    Symbol Name                              Value     Ov Type        Size  Object(Section)

    BuildAttributes$$THM_ISAv3M$S$PE$A:L22$X:L11$S22$IEEE1$IW$USESV6$~STKCKD$USESV7$~SHL$OSPACE$ROPI$EBA8$UX$STANDARDLIB$REQ8$PRES8$EABIv2 0x00000000   Number         0  anon$$obj.o ABSOLUTE
    __ARM_use_no_argv                        0x00000000   Number         0  main.o ABSOLUTE
    __ARM_exceptions_init                     - Undefined Weak Reference
    __alloca_initialize                       - Undefined Weak Reference
    __cpp_initialize__aeabi_                  - Undefined Weak Reference
    __cxa_finalize                            - Undefined Weak Reference
    __rt_locale                               - Undefined Weak Reference
    __sigvec_lookup                           - Undefined Weak Reference
    _atexit_init                              - Undefined Weak Reference
    _call_atexit_fns                          - Undefined Weak Reference
    _clock_init                               - Undefined Weak Reference
    _fp_trap_init                             - Undefined Weak Reference
    _fp_trap_shutdown                         - Undefined Weak Reference
    _get_lc_collate                           - Undefined Weak Reference
    _get_lc_ctype                             - Undefined Weak Reference
    _get_lc_monetary                          - Undefined Weak Reference
    _get_lc_numeric                           - Undefined Weak Reference
    _get_lc_time                              - Undefined Weak Reference
    _getenv_init                              - Undefined Weak Reference
    _handle_redirection                       - Undefined Weak Reference
    _init_alloc                               - Undefined Weak Reference
    _init_user_alloc                          - Undefined Weak Reference
    _initio                                   - Undefined Weak Reference
    _rand_init                                - Undefined Weak Reference
    _signal_finish                            - Undefined Weak Reference
    _signal_init                              - Undefined Weak Reference
    _terminate_alloc                          - Undefined Weak Reference
    _terminate_user_alloc                     - Undefined Weak Reference
    _terminateio                              - Undefined Weak Reference
    __Vectors_Size                           0x000000c0   Number         0  arm_startup_nrf51.o ABSOLUTE
    __Vectors                                0x00014000   Data           4  arm_startup_nrf51.o(RESET)
    __Vectors_End                            0x000140c0   Data           0  arm_startup_nrf51.o(RESET)
    __main                                   0x000140c1   Thumb Code     8  __main.o(!!!main)
    __scatterload                            0x000140c9   Thumb Code     0  __scatter.o(!!!scatter)
    __scatterload_rt2                        0x000140c9   Thumb Code    52  __scatter.o(!!!scatter)
    __scatterload_rt2_thumb_only             0x000140c9   Thumb Code     0  __scatter.o(!!!scatter)
    __scatterload_null                       0x000140d9   Thumb Code     0  __scatter.o(!!!scatter)
    __scatterload_copy                       0x00014105   Thumb Code    26  __scatter_copy.o(!!handler_copy)
    __scatterload_zeroinit                   0x00014121   Thumb Code    28  __scatter_zi.o(!!handler_zi)
    __rt_lib_init                            0x0001413d   Thumb Code     0  libinit.o(.ARM.Collect$$libinit$$00000000)
    __rt_lib_init_fp_1                       0x0001413f   Thumb Code     0  libinit2.o(.ARM.Collect$$libinit$$00000001)
    __rt_lib_init_alloca_1                   0x00014143   Thumb Code     0  libinit2.o(.ARM.Collect$$libinit$$0000002C)
    __rt_lib_init_argv_1                     0x00014143   Thumb Code     0  libinit2.o(.ARM.Collect$$libinit$$0000002A)
    __rt_lib_init_atexit_1                   0x00014143   Thumb Code     0  libinit2.o(.ARM.Collect$$libinit$$00000019)
    __rt_lib_init_clock_1                    0x00014143   Thumb Code     0  libinit2.o(.ARM.Collect$$libinit$$0000001F)
    __rt_lib_init_cpp_1                      0x00014143   Thumb Code     0  libinit2.o(.ARM.Collect$$libinit$$00000030)
    __rt_lib_init_exceptions_1               0x00014143   Thumb Code     0  libinit2.o(.ARM.Collect$$libinit$$0000002E)
    __rt_lib_init_fp_trap_1                  0x00014143   Thumb Code     0  libinit2.o(.ARM.Collect$$libinit$$0000001D)
    __rt_lib_init_getenv_1                   0x00014143   Thumb Code     0  libinit2.o(.ARM.Collect$$libinit$$00000021)
    __rt_lib_init_heap_1                     0x00014143   Thumb Code     0  libinit2.o(.ARM.Collect$$libinit$$00000008)
    __rt_lib_init_lc_collate_1               0x00014143   Thumb Code     0  libinit2.o(.ARM.Collect$$libinit$$0000000F)
    __rt_lib_init_lc_ctype_1                 0x00014143   Thumb Code     0  libinit2.o(.ARM.Collect$$libinit$$00000011)
    __rt_lib_init_lc_monetary_1              0x00014143   Thumb Code     0  libinit2.o(.ARM.Collect$$libinit$$00000013)
    __rt_lib_init_lc_numeric_1               0x00014143   Thumb Code     0  libinit2.o(.ARM.Collect$$libinit$$00000015)
    __rt_lib_init_lc_time_1                  0x00014143   Thumb Code     0  libinit2.o(.ARM.Collect$$libinit$$00000017)
    __rt_lib_init_rand_1                     0x00014143   Thumb Code     0  libinit2.o(.ARM.Collect$$libinit$$0000000C)
    __rt_lib_init_return                     0x00014143   Thumb Code     0  libinit2.o(.ARM.Collect$$libinit$$00000031)
    __rt_lib_init_signal_1                   0x00014143   Thumb Code     0  libinit2.o(.ARM.Collect$$libinit$$0000001B)
    __rt_lib_init_stdio_1                    0x00014143   Thumb Code     0  libinit2.o(.ARM.Collect$$libinit$$00000023)
    __rt_lib_init_user_alloc_1               0x00014143   Thumb Code     0  libinit2.o(.ARM.Collect$$libinit$$0000000A)
    __rt_lib_shutdown                        0x00014145   Thumb Code     0  libshutdown.o(.ARM.Collect$$libshutdown$$00000000)
    __rt_lib_shutdown_fp_trap_1              0x00014147   Thumb Code     0  libshutdown2.o(.ARM.Collect$$libshutdown$$00000006)
    __rt_lib_shutdown_heap_1                 0x00014147   Thumb Code     0  libshutdown2.o(.ARM.Collect$$libshutdown$$0000000E)
    __rt_lib_shutdown_return                 0x00014147   Thumb Code     0  libshutdown2.o(.ARM.Collect$$libshutdown$$0000000F)
    __rt_lib_shutdown_signal_1               0x00014147   Thumb Code     0  libshutdown2.o(.ARM.Collect$$libshutdown$$00000009)
    __rt_lib_shutdown_stdio_1                0x00014147   Thumb Code     0  libshutdown2.o(.ARM.Collect$$libshutdown$$00000003)
    __rt_lib_shutdown_user_alloc_1           0x00014147   Thumb Code     0  libshutdown2.o(.ARM.Collect$$libshutdown$$0000000B)
    __rt_entry                               0x00014149   Thumb Code     0  rtentry.o(.ARM.Collect$$rtentry$$00000000)
    __rt_entry_presh_1                       0x00014149   Thumb Code     0  rtentry2.o(.ARM.Collect$$rtentry$$00000002)
    __rt_entry_sh                            0x00014149   Thumb Code     0  rtentry4.o(.ARM.Collect$$rtentry$$00000004)
    __rt_entry_li                            0x0001414f   Thumb Code     0  rtentry2.o(.ARM.Collect$$rtentry$$0000000A)
    __rt_entry_postsh_1                      0x0001414f   Thumb Code     0  rtentry2.o(.ARM.Collect$$rtentry$$00000009)
    __rt_entry_main                          0x00014153   Thumb Code     0  rtentry2.o(.ARM.Collect$$rtentry$$0000000D)
    __rt_entry_postli_1                      0x00014153   Thumb Code     0  rtentry2.o(.ARM.Collect$$rtentry$$0000000C)
    __rt_exit                                0x0001415b   Thumb Code     0  rtexit.o(.ARM.Collect$$rtexit$$00000000)
    __rt_exit_ls                             0x0001415d   Thumb Code     0  rtexit2.o(.ARM.Collect$$rtexit$$00000003)
    __rt_exit_prels_1                        0x0001415d   Thumb Code     0  rtexit2.o(.ARM.Collect$$rtexit$$00000002)
    __rt_exit_exit                           0x00014161   Thumb Code     0  rtexit2.o(.ARM.Collect$$rtexit$$00000004)
    __asm___11_app_timer_c_cd27f9c3__nrf_delay_us 0x00014169   Thumb Code    30  app_timer.o(.emb_text)
    __asm___11_nrf_delay_c_532987f3__nrf_delay_us 0x00014189   Thumb Code    30  nrf_delay.o(.emb_text)
    __aeabi_memcpy4                          0x000141a9   Thumb Code    56  rt_memcpy.o(.emb_text)
    __aeabi_memcpy8                          0x000141a9   Thumb Code     0  rt_memcpy.o(.emb_text)
    Reset_Handler                            0x000141e1   Thumb Code    18  arm_startup_nrf51.o(.text)
    NMI_Handler                              0x000141f3   Thumb Code     2  arm_startup_nrf51.o(.text)
    HardFault_Handler                        0x000141f5   Thumb Code     2  arm_startup_nrf51.o(.text)
    SVC_Handler                              0x000141f7   Thumb Code     2  arm_startup_nrf51.o(.text)
    PendSV_Handler                           0x000141f9   Thumb Code     2  arm_startup_nrf51.o(.text)
    SysTick_Handler                          0x000141fb   Thumb Code     2  arm_startup_nrf51.o(.text)
    ADC_IRQHandler                           0x000141fd   Thumb Code     0  arm_startup_nrf51.o(.text)
    CCM_AAR_IRQHandler                       0x000141fd   Thumb Code     0  arm_startup_nrf51.o(.text)
    ECB_IRQHandler                           0x000141fd   Thumb Code     0  arm_startup_nrf51.o(.text)
    LPCOMP_IRQHandler                        0x000141fd   Thumb Code     0  arm_startup_nrf51.o(.text)
    POWER_CLOCK_IRQHandler                   0x000141fd   Thumb Code     0  arm_startup_nrf51.o(.text)
    QDEC_IRQHandler                          0x000141fd   Thumb Code     0  arm_startup_nrf51.o(.text)
    RADIO_IRQHandler                         0x000141fd   Thumb Code     0  arm_startup_nrf51.o(.text)
    RNG_IRQHandler                           0x000141fd   Thumb Code     0  arm_startup_nrf51.o(.text)
    RTC0_IRQHandler                          0x000141fd   Thumb Code     0  arm_startup_nrf51.o(.text)
    SPI0_TWI0_IRQHandler                     0x000141fd   Thumb Code     0  arm_startup_nrf51.o(.text)
    SPI1_TWI1_IRQHandler                     0x000141fd   Thumb Code     0  arm_startup_nrf51.o(.text)
    SWI1_IRQHandler                          0x000141fd   Thumb Code     0  arm_startup_nrf51.o(.text)
    SWI3_IRQHandler                          0x000141fd   Thumb Code     0  arm_startup_nrf51.o(.text)
    SWI4_IRQHandler                          0x000141fd   Thumb Code     0  arm_startup_nrf51.o(.text)
    SWI5_IRQHandler                          0x000141fd   Thumb Code     0  arm_startup_nrf51.o(.text)
    TEMP_IRQHandler                          0x000141fd   Thumb Code     0  arm_startup_nrf51.o(.text)
    TIMER0_IRQHandler                        0x000141fd   Thumb Code     0  arm_startup_nrf51.o(.text)
    TIMER1_IRQHandler                        0x000141fd   Thumb Code     0  arm_startup_nrf51.o(.text)
    TIMER2_IRQHandler                        0x000141fd   Thumb Code     0  arm_startup_nrf51.o(.text)
    UART0_IRQHandler                         0x000141fd   Thumb Code     0  arm_startup_nrf51.o(.text)
    WDT_IRQHandler                           0x000141fd   Thumb Code     0  arm_startup_nrf51.o(.text)
    __user_initial_stackheap                 0x00014201   Thumb Code     0  arm_startup_nrf51.o(.text)
    SystemCoreClockUpdate                    0x00014229   Thumb Code     8  system_nrf51.o(.text)
    SystemInit                               0x000142cd   Thumb Code    38  system_nrf51.o(.text)
    app_error_handler                        0x00014311   Thumb Code    78  main.o(.text)
    assert_nrf_callback                      0x0001435f   Thumb Code    14  main.o(.text)
    write_read_handler                       0x000144a1   Thumb Code     6  main.o(.text)
    erase_handler                            0x000144a7   Thumb Code     6  main.o(.text)
    main                                     0x0001495d   Thumb Code    56  main.o(.text)
    quote_server_init                        0x000149f1   Thumb Code     2  ble_quote.o(.text)
    ble_quote_on_ble_evt                     0x00014a45   Thumb Code    58  ble_quote_srv.o(.text)
    ble_quote_init                           0x00014cff   Thumb Code   120  ble_quote_srv.o(.text)
    ble_quote_notify_write                   0x00014d77   Thumb Code    48  ble_quote_srv.o(.text)
    ble_quote_notify_erase                   0x00014da7   Thumb Code    46  ble_quote_srv.o(.text)
    pstorage_sys_event_handler               0x0001530f   Thumb Code   326  pstorage.o(.text)
    pstorage_init                            0x00015455   Thumb Code   196  pstorage.o(.text)
    pstorage_register                        0x00015519   Thumb Code   360  pstorage.o(.text)
    pstorage_block_identifier_get            0x00015681   Thumb Code   136  pstorage.o(.text)
    pstorage_store                           0x00015709   Thumb Code   202  pstorage.o(.text)
    pstorage_update                          0x000157d3   Thumb Code   202  pstorage.o(.text)
    pstorage_load                            0x0001589d   Thumb Code   202  pstorage.o(.text)
    pstorage_clear                           0x00015967   Thumb Code   184  pstorage.o(.text)
    pstorage_access_status_get               0x00015a1f   Thumb Code    36  pstorage.o(.text)
    ble_advdata_set                          0x00015fcd   Thumb Code   122  ble_advdata.o(.text)
    app_sched_init                           0x0001605d   Thumb Code    66  app_scheduler.o(.text)
    app_sched_event_put                      0x0001609f   Thumb Code   238  app_scheduler.o(.text)
    app_sched_execute                        0x000161e1   Thumb Code    30  app_scheduler.o(.text)
    RTC1_IRQHandler                          0x00016a6b   Thumb Code    34  app_timer.o(.text)
    SWI0_IRQHandler                          0x00016a8d   Thumb Code     8  app_timer.o(.text)
    app_timer_init                           0x00016a95   Thumb Code   246  app_timer.o(.text)
    app_timer_create                         0x00016b8b   Thumb Code   108  app_timer.o(.text)
    app_timer_start                          0x00016c19   Thumb Code    98  app_timer.o(.text)
    app_timer_stop                           0x00016c7b   Thumb Code    60  app_timer.o(.text)
    app_timer_stop_all                       0x00016cb7   Thumb Code    26  app_timer.o(.text)
    app_timer_cnt_get                        0x00016cd1   Thumb Code    14  app_timer.o(.text)
    app_timer_cnt_diff_compute               0x00016cdf   Thumb Code    22  app_timer.o(.text)
    ble_conn_params_init                     0x00016e53   Thumb Code    90  ble_conn_params.o(.text)
    ble_conn_params_stop                     0x00016ead   Thumb Code    12  ble_conn_params.o(.text)
    ble_conn_params_on_ble_evt               0x00016ffb   Thumb Code    62  ble_conn_params.o(.text)
    ble_conn_params_change_conn_params       0x00017039   Thumb Code    86  ble_conn_params.o(.text)
    softdevice_assertion_handler             0x000170b5   Thumb Code    18  softdevice_handler.o(.text)
    intern_softdevice_events_execute         0x000170c7   Thumb Code   168  softdevice_handler.o(.text)
    softdevice_handler_init                  0x0001716f   Thumb Code    84  softdevice_handler.o(.text)
    softdevice_handler_sd_disable            0x000171c3   Thumb Code    24  softdevice_handler.o(.text)
    softdevice_ble_evt_handler_set           0x000171db   Thumb Code    18  softdevice_handler.o(.text)
    softdevice_sys_evt_handler_set           0x000171ed   Thumb Code    18  softdevice_handler.o(.text)
    SWI2_IRQHandler                          0x000171ff   Thumb Code    52  softdevice_handler.o(.text)
    app_button_init                          0x0001739f   Thumb Code   132  app_button.o(.text)
    app_button_enable                        0x00017423   Thumb Code    24  app_button.o(.text)
    app_button_disable                       0x0001743b   Thumb Code    42  app_button.o(.text)
    app_button_is_pushed                     0x00017465   Thumb Code   108  app_button.o(.text)
    GPIOTE_IRQHandler                        0x000175a5   Thumb Code   158  app_gpiote.o(.text)
    app_gpiote_init                          0x000176a5   Thumb Code   116  app_gpiote.o(.text)
    app_gpiote_user_register                 0x00017719   Thumb Code   138  app_gpiote.o(.text)
    app_gpiote_user_enable                   0x000177a3   Thumb Code   226  app_gpiote.o(.text)
    app_gpiote_user_disable                  0x00017885   Thumb Code    66  app_gpiote.o(.text)
    app_gpiote_pins_state_get                0x000178c7   Thumb Code    52  app_gpiote.o(.text)
    nrf_delay_ms                             0x00017991   Thumb Code    24  nrf_delay.o(.text)
    __aeabi_memcpy                           0x000179ad   Thumb Code   130  rt_memcpy.o(.text)
    __rt_memcpy                              0x000179ad   Thumb Code     0  rt_memcpy.o(.text)
    _memset_w                                0x00017a2f   Thumb Code    26  rt_memclr.o(.text)
    _memset                                  0x00017a49   Thumb Code    30  rt_memclr.o(.text)
    __aeabi_memclr                           0x00017a67   Thumb Code     4  rt_memclr.o(.text)
    __rt_memclr                              0x00017a67   Thumb Code     0  rt_memclr.o(.text)
    __aeabi_memclr4                          0x00017a6b   Thumb Code     0  rt_memclr.o(.text)
    __aeabi_memclr8                          0x00017a6b   Thumb Code     0  rt_memclr.o(.text)
    __rt_memclr_w                            0x00017a6b   Thumb Code     4  rt_memclr.o(.text)
    __aeabi_uidiv                            0x00017a6f   Thumb Code     0  aeabi_sdiv.o(.text)
    __aeabi_uidivmod                         0x00017a6f   Thumb Code    20  aeabi_sdiv.o(.text)
    __aeabi_idiv                             0x00017a83   Thumb Code     0  aeabi_sdiv.o(.text)
    __aeabi_idivmod                          0x00017a83   Thumb Code   326  aeabi_sdiv.o(.text)
    __use_two_region_memory                  0x00017bc9   Thumb Code     2  heapauxi.o(.text)
    __rt_heap_escrow$2region                 0x00017bcb   Thumb Code     2  heapauxi.o(.text)
    __rt_heap_expand$2region                 0x00017bcd   Thumb Code     2  heapauxi.o(.text)
    __user_setup_stackheap                   0x00017bcf   Thumb Code    62  sys_stackheap_outer.o(.text)
    exit                                     0x00017c0d   Thumb Code    12  exit.o(.text)
    __user_libspace                          0x00017c19   Thumb Code     8  libspace.o(.text)
    __user_perproc_libspace                  0x00017c19   Thumb Code     0  libspace.o(.text)
    __user_perthread_libspace                0x00017c19   Thumb Code     0  libspace.o(.text)
    _sys_exit                                0x00017c21   Thumb Code     8  sys_exit.o(.text)
    __I$use$semihosting                      0x00017c2d   Thumb Code     0  use_no_semi.o(.text)
    __use_no_semihosting_swi                 0x00017c2d   Thumb Code     2  use_no_semi.o(.text)
    __ARM_common_switch8                     0x00017c2f   Thumb Code    28  pstorage.o(i.__ARM_common_switch8)
    __semihosting_library_function           0x00017c2f   Thumb Code     0  indicate_semi.o(.text)
    Region$$Table$$Base                      0x00017c60   Number         0  anon$$obj.o(Region$$Table)
    Region$$Table$$Limit                     0x00017c80   Number         0  anon$$obj.o(Region$$Table)
    SystemCoreClock                          0x20002000   Data           4  system_nrf51.o(.data)
    __libspace_start                         0x200029a4   Data          96  libspace.o(.bss)
    __temporary_stack_top$libspace           0x20002a04   Data           0  libspace.o(.bss)



==============================================================================

Memory Map of the image

  Image Entry point : 0x000140c1

  Load Region LR_IROM1 (Base: 0x00014000, Size: 0x00003d54, Max: 0x0002b000, ABSOLUTE)

    Execution Region ER_IROM1 (Base: 0x00014000, Size: 0x00003c80, Max: 0x0002b000, ABSOLUTE)

    Base Addr    Size         Type   Attr      Idx    E Section Name        Object

    0x00014000   0x000000c0   Data   RO            3    RESET               arm_startup_nrf51.o
    0x000140c0   0x00000008   Code   RO          779  * !!!main             c_p.l(__main.o)
    0x000140c8   0x0000003c   Code   RO          945    !!!scatter          c_p.l(__scatter.o)
    0x00014104   0x0000001a   Code   RO          947    !!handler_copy      c_p.l(__scatter_copy.o)
    0x0001411e   0x00000002   PAD
    0x00014120   0x0000001c   Code   RO          949    !!handler_zi        c_p.l(__scatter_zi.o)
    0x0001413c   0x00000002   Code   RO          817    .ARM.Collect$$libinit$$00000000  c_p.l(libinit.o)
    0x0001413e   0x00000004   Code   RO          830    .ARM.Collect$$libinit$$00000001  c_p.l(libinit2.o)
    0x00014142   0x00000000   Code   RO          834    .ARM.Collect$$libinit$$00000008  c_p.l(libinit2.o)
    0x00014142   0x00000000   Code   RO          836    .ARM.Collect$$libinit$$0000000A  c_p.l(libinit2.o)
    0x00014142   0x00000000   Code   RO          838    .ARM.Collect$$libinit$$0000000C  c_p.l(libinit2.o)
    0x00014142   0x00000000   Code   RO          841    .ARM.Collect$$libinit$$0000000F  c_p.l(libinit2.o)
    0x00014142   0x00000000   Code   RO          843    .ARM.Collect$$libinit$$00000011  c_p.l(libinit2.o)
    0x00014142   0x00000000   Code   RO          845    .ARM.Collect$$libinit$$00000013  c_p.l(libinit2.o)
    0x00014142   0x00000000   Code   RO          847    .ARM.Collect$$libinit$$00000015  c_p.l(libinit2.o)
    0x00014142   0x00000000   Code   RO          849    .ARM.Collect$$libinit$$00000017  c_p.l(libinit2.o)
    0x00014142   0x00000000   Code   RO          851    .ARM.Collect$$libinit$$00000019  c_p.l(libinit2.o)
    0x00014142   0x00000000   Code   RO          853    .ARM.Collect$$libinit$$0000001B  c_p.l(libinit2.o)
    0x00014142   0x00000000   Code   RO          855    .ARM.Collect$$libinit$$0000001D  c_p.l(libinit2.o)
    0x00014142   0x00000000   Code   RO          857    .ARM.Collect$$libinit$$0000001F  c_p.l(libinit2.o)
    0x00014142   0x00000000   Code   RO          859    .ARM.Collect$$libinit$$00000021  c_p.l(libinit2.o)
    0x00014142   0x00000000   Code   RO          861    .ARM.Collect$$libinit$$00000023  c_p.l(libinit2.o)
    0x00014142   0x00000000   Code   RO          865    .ARM.Collect$$libinit$$0000002A  c_p.l(libinit2.o)
    0x00014142   0x00000000   Code   RO          867    .ARM.Collect$$libinit$$0000002C  c_p.l(libinit2.o)
    0x00014142   0x00000000   Code   RO          869    .ARM.Collect$$libinit$$0000002E  c_p.l(libinit2.o)
    0x00014142   0x00000000   Code   RO          871    .ARM.Collect$$libinit$$00000030  c_p.l(libinit2.o)
    0x00014142   0x00000002   Code   RO          872    .ARM.Collect$$libinit$$00000031  c_p.l(libinit2.o)
    0x00014144   0x00000002   Code   RO          903    .ARM.Collect$$libshutdown$$00000000  c_p.l(libshutdown.o)
    0x00014146   0x00000000   Code   RO          930    .ARM.Collect$$libshutdown$$00000003  c_p.l(libshutdown2.o)
    0x00014146   0x00000000   Code   RO          933    .ARM.Collect$$libshutdown$$00000006  c_p.l(libshutdown2.o)
    0x00014146   0x00000000   Code   RO          936    .ARM.Collect$$libshutdown$$00000009  c_p.l(libshutdown2.o)
    0x00014146   0x00000000   Code   RO          938    .ARM.Collect$$libshutdown$$0000000B  c_p.l(libshutdown2.o)
    0x00014146   0x00000000   Code   RO          941    .ARM.Collect$$libshutdown$$0000000E  c_p.l(libshutdown2.o)
    0x00014146   0x00000002   Code   RO          942    .ARM.Collect$$libshutdown$$0000000F  c_p.l(libshutdown2.o)
    0x00014148   0x00000000   Code   RO          781    .ARM.Collect$$rtentry$$00000000  c_p.l(rtentry.o)
    0x00014148   0x00000000   Code   RO          787    .ARM.Collect$$rtentry$$00000002  c_p.l(rtentry2.o)
    0x00014148   0x00000006   Code   RO          799    .ARM.Collect$$rtentry$$00000004  c_p.l(rtentry4.o)
    0x0001414e   0x00000000   Code   RO          789    .ARM.Collect$$rtentry$$00000009  c_p.l(rtentry2.o)
    0x0001414e   0x00000004   Code   RO          790    .ARM.Collect$$rtentry$$0000000A  c_p.l(rtentry2.o)
    0x00014152   0x00000000   Code   RO          792    .ARM.Collect$$rtentry$$0000000C  c_p.l(rtentry2.o)
    0x00014152   0x00000008   Code   RO          793    .ARM.Collect$$rtentry$$0000000D  c_p.l(rtentry2.o)
    0x0001415a   0x00000002   Code   RO          822    .ARM.Collect$$rtexit$$00000000  c_p.l(rtexit.o)
    0x0001415c   0x00000000   Code   RO          876    .ARM.Collect$$rtexit$$00000002  c_p.l(rtexit2.o)
    0x0001415c   0x00000004   Code   RO          877    .ARM.Collect$$rtexit$$00000003  c_p.l(rtexit2.o)
    0x00014160   0x00000006   Code   RO          878    .ARM.Collect$$rtexit$$00000004  c_p.l(rtexit2.o)
    0x00014166   0x00000002   PAD
    0x00014168   0x0000001e   Code   RO          502    .emb_text           app_timer.o
    0x00014186   0x00000002   PAD
    0x00014188   0x0000001e   Code   RO          739    .emb_text           nrf_delay.o
    0x000141a6   0x00000002   PAD
    0x000141a8   0x00000038   Code   RO          765    .emb_text           c_p.l(rt_memcpy.o)
    0x000141e0   0x00000048   Code   RO            4    .text               arm_startup_nrf51.o
    0x00014228   0x000000e8   Code   RO           12    .text               system_nrf51.o
    0x00014310   0x000006e0   Code   RO           70    .text               main.o
    0x000149f0   0x00000002   Code   RO          235    .text               ble_quote.o
    0x000149f2   0x00000002   PAD
    0x000149f4   0x000003e8   Code   RO          297    .text               ble_quote_srv.o
    0x00014ddc   0x00000c80   Code   RO          374    .text               pstorage.o
    0x00015a5c   0x00000600   Code   RO          436    .text               ble_advdata.o
    0x0001605c   0x00000264   Code   RO          465    .text               app_scheduler.o
    0x000162c0   0x00000aec   Code   RO          503    .text               app_timer.o
    0x00016dac   0x00000308   Code   RO          546    .text               ble_conn_params.o
    0x000170b4   0x000001d4   Code   RO          588    .text               softdevice_handler.o
    0x00017288   0x0000029c   Code   RO          649    .text               app_button.o
    0x00017524   0x0000046c   Code   RO          683    .text               app_gpiote.o
    0x00017990   0x0000001c   Code   RO          740    .text               nrf_delay.o
    0x000179ac   0x00000082   Code   RO          766    .text               c_p.l(rt_memcpy.o)
    0x00017a2e   0x00000040   Code   RO          769    .text               c_p.l(rt_memclr.o)
    0x00017a6e   0x0000015a   Code   RO          773    .text               c_p.l(aeabi_sdiv.o)
    0x00017bc8   0x00000006   Code   RO          777    .text               c_p.l(heapauxi.o)
    0x00017bce   0x0000003e   Code   RO          803    .text               c_p.l(sys_stackheap_outer.o)
    0x00017c0c   0x0000000c   Code   RO          806    .text               c_p.l(exit.o)
    0x00017c18   0x00000008   Code   RO          818    .text               c_p.l(libspace.o)
    0x00017c20   0x0000000c   Code   RO          873    .text               c_p.l(sys_exit.o)
    0x00017c2c   0x00000002   Code   RO          892    .text               c_p.l(use_no_semi.o)
    0x00017c2e   0x00000000   Code   RO          894    .text               c_p.l(indicate_semi.o)
    0x00017c2e   0x0000001c   Code   RO          392    i.__ARM_common_switch8  pstorage.o
    0x00017c4a   0x00000002   PAD
    0x00017c4c   0x00000004   Data   RO           72    .constdata          main.o
    0x00017c50   0x00000010   Data   RO          298    .constdata          ble_quote_srv.o
    0x00017c60   0x00000020   Data   RO          943    Region$$Table       anon$$obj.o


    Execution Region RW_IRAM1 (Base: 0x20002000, Size: 0x00001a08, Max: 0x00002000, ABSOLUTE)

    Base Addr    Size         Type   Attr      Idx    E Section Name        Object

    0x20002000   0x00000004   Data   RW           13    .data               system_nrf51.o
    0x20002004   0x00000030   Data   RW           73    .data               main.o
    0x20002034   0x0000000c   Data   RW          376    .data               pstorage.o
    0x20002040   0x0000000e   Data   RW          466    .data               app_scheduler.o
    0x2000204e   0x00000002   PAD
    0x20002050   0x00000028   Data   RW          504    .data               app_timer.o
    0x20002078   0x00000019   Data   RW          548    .data               ble_conn_params.o
    0x20002091   0x00000003   PAD
    0x20002094   0x00000014   Data   RW          589    .data               softdevice_handler.o
    0x200020a8   0x00000020   Data   RW          650    .data               app_button.o
    0x200020c8   0x0000000c   Data   RW          684    .data               app_gpiote.o
    0x200020d4   0x00000638   Zero   RW           71    .bss                main.o
    0x2000270c   0x0000027c   Zero   RW          375    .bss                pstorage.o
    0x20002988   0x0000001c   Zero   RW          547    .bss                ble_conn_params.o
    0x200029a4   0x00000060   Zero   RW          819    .bss                c_p.l(libspace.o)
    0x20002a04   0x00000004   PAD
    0x20002a08   0x00000800   Zero   RW            2    HEAP                arm_startup_nrf51.o
    0x20003208   0x00000800   Zero   RW            1    STACK               arm_startup_nrf51.o


==============================================================================

Image component sizes


      Code (inc. data)   RO Data    RW Data    ZI Data      Debug   Object Name

       668         84          0         32          0       8884   app_button.o
      1132         40          0         12          0      11826   app_gpiote.o
       612         90          0         14          0      13263   app_scheduler.o
      2826        184          0         40          0      24581   app_timer.o
        72         32        192          0       4096        788   arm_startup_nrf51.o
      1536          4          0          0          0      11050   ble_advdata.o
       776         38          0         25         28      15230   ble_conn_params.o
         2          0          0          0          0        468   ble_quote.o
      1000          8         16          0          0      27208   ble_quote_srv.o
         0          0          0          0          0      16236   ble_srv_common.o
      1760        150          4         48       1592      54262   main.o
        58          4          0          0          0       1583   nrf_delay.o
      3228         90          0         12        636      13350   pstorage.o
       468         86          0         20          0      23188   softdevice_handler.o
       232         30          0          4          0      21665   system_nrf51.o

    ----------------------------------------------------------------------
     14378        840        244        212       6352     243582   Object Totals
         0          0         32          0          0          0   (incl. Generated)
         8          0          0          5          0          0   (incl. Padding)

    ----------------------------------------------------------------------

      Code (inc. data)   RO Data    RW Data    ZI Data      Debug   Library Member Name

         8          0          0          0          0         68   __main.o
        60          8          0          0          0          0   __scatter.o
        26          0          0          0          0          0   __scatter_copy.o
        28          0          0          0          0          0   __scatter_zi.o
       346          0          0          0          0         92   aeabi_sdiv.o
        12          0          0          0          0         64   exit.o
         6          0          0          0          0        136   heapauxi.o
         0          0          0          0          0          0   indicate_semi.o
         2          0          0          0          0          0   libinit.o
         6          0          0          0          0          0   libinit2.o
         2          0          0          0          0          0   libshutdown.o
         2          0          0          0          0          0   libshutdown2.o
         8          4          0          0         96         68   libspace.o
        64          0          0          0          0        108   rt_memclr.o
       186          0          0          0          0        144   rt_memcpy.o
         0          0          0          0          0          0   rtentry.o
        12          0          0          0          0          0   rtentry2.o
         6          0          0          0          0          0   rtentry4.o
         2          0          0          0          0          0   rtexit.o
        10          0          0          0          0          0   rtexit2.o
        12          4          0          0          0         60   sys_exit.o
        62          0          0          0          0         80   sys_stackheap_outer.o
         2          0          0          0          0         68   use_no_semi.o

    ----------------------------------------------------------------------
       866         16          0          0        100        888   Library Totals
         4          0          0          0          4          0   (incl. Padding)

    ----------------------------------------------------------------------

      Code (inc. data)   RO Data    RW Data    ZI Data      Debug   Library Name

       862         16          0          0         96        888   c_p.l

    ----------------------------------------------------------------------
       866         16          0          0        100        888   Library Totals

    ----------------------------------------------------------------------

==============================================================================


      Code (inc. data)   RO Data    RW Data    ZI Data      Debug   

     15244        856        244        212       6452     243422   Grand Totals
     15244        856        244        212       6452     243422   ELF Image Totals
     15244        856        244        212          0          0   ROM Totals

==============================================================================

    Total RO  Size (Code + RO Data)                15488 (  15.13kB)
    Total RW  Size (RW Data + ZI Data)              6664 (   6.51kB)
    Total ROM Size (Code + RO Data + RW Data)      15700 (  15.33kB)

==============================================================================

